#-----------------------------------------------------------
# PlanAhead v14.7 (64-bit)
# Build 321239 by xbuild on Fri Sep 27 19:29:51 MDT 2013
# Start of session at: Mon Jul 11 15:50:16 2016
# Process ID: 14768
# Log file: C:/Xilinx/14.7/ISE_DS/pmodad1/planAhead_run_5/planAhead.log
# Journal file: C:/Xilinx/14.7/ISE_DS/pmodad1/planAhead_run_5/planAhead.jou
#-----------------------------------------------------------
start_gui
source C:/Xilinx/14.7/ISE_DS/pmodad1/pa.fromHdl.tcl
update_compile_order -fileset sim_1
set_property package_pin "" [get_ports [list  {data_out[7]}]]
set_property package_pin "" [get_ports [list  {data_out[7]}]]
startgroup
set_property package_pin U16 [get_ports {data_out[7]}]
endgroup
startgroup
set_property package_pin V16 [get_ports {data_out[6]}]
endgroup
startgroup
set_property package_pin U15 [get_ports {data_out[5]}]
endgroup
startgroup
set_property package_pin V15 [get_ports {data_out[4]}]
endgroup
startgroup
set_property package_pin M11 [get_ports {data_out[3]}]
endgroup
startgroup
set_property package_pin N11 [get_ports {data_out[2]}]
endgroup
startgroup
set_property package_pin R11 [get_ports {data_out[1]}]
endgroup
startgroup
set_property package_pin T11 [get_ports {data_out[0]}]
endgroup
save_constraints
